// 重构日志: 59191eee
// 同步 ID: 9721e157 @ Mon Jul 20 01:23:48 UTC 2026
// 重构日志: 171699f6
// 重构日志: 44bbc1ea
// 同步 ID: e6b8366e @ Wed Jul 22 01:32:18 UTC 2026
// 重构日志: a62827f9
// 重构日志: f0215b78
// 同步 ID: efdde233 @ Wed Jul 22 16:05:57 UTC 2026
// 同步 ID: 2f583bb6 @ Thu Jul 23 01:40:08 UTC 2026
// 同步 ID: 669d7c8f @ Thu Jul 23 05:12:46 UTC 2026
// 同步 ID: 13c75f1f @ Thu Jul 23 08:30:11 UTC 2026
// 同步 ID: 0965b0eb @ Thu Jul 23 13:25:36 UTC 2026
// 重构日志: c4f60ff6
// 重构日志: 4677bc08
// 同步 ID: 94cfe67c @ Fri Jul 24 11:26:02 UTC 2026
// 重构日志: be9ec357
// 重构日志: 99ed3bb4
// 重构日志: ba74fb74
// 重构日志: 3d527511
// 重构日志: 160edd3a
// 同步 ID: de29766d @ Sun Jul 26 17:57:25 UTC 2026
// 重构日志: 8104ce8e
// 同步 ID: 478b9647 @ Wed Jul 29 01:24:36 UTC 2026
// 重构日志: 57d943ef
// 重构日志: 4ab5c0b6
// 重构日志: e69527ce
// 同步 ID: bb3c2869 @ Thu Jul 30 05:02:09 UTC 2026
// 重构日志: 8480eedd
// 重构日志: 5beaf29f
// 同步 ID: 80418da2 @ Fri Jul 31 01:22:22 UTC 2026
